test_T01_exact_five_original_model_and_same_snapshot (tests.test_cpl_service.CPLServiceTests.test_T01_exact_five_original_model_and_same_snapshot) ... ok
test_T02_duplicate_and_incomplete_roles_before_transport (tests.test_cpl_service.CPLServiceTests.test_T02_duplicate_and_incomplete_roles_before_transport) ... ok
test_T02_same_model_distinct_roles_explicitly_allowed (tests.test_cpl_service.CPLServiceTests.test_T02_same_model_distinct_roles_explicitly_allowed) ... ok
test_T03_informed_reviews_and_negative_findings_are_not_transport_failure (tests.test_cpl_service.CPLServiceTests.test_T03_informed_reviews_and_negative_findings_are_not_transport_failure) ... ok
test_T04_incomplete_critic_never_gets_a_repair_generation (tests.test_cpl_service.CPLServiceTests.test_T04_incomplete_critic_never_gets_a_repair_generation) ... ok
test_T04_transport_failure_at_every_stage_is_fail_fast (tests.test_cpl_service.CPLServiceTests.test_T04_transport_failure_at_every_stage_is_fail_fast) ... ok
test_T05_missing_and_wrong_identity_fail_before_further_calls (tests.test_cpl_service.CPLServiceTests.test_T05_missing_and_wrong_identity_fail_before_further_calls) ... ok
test_T05_neighboring_model_change_does_not_mutate_plan (tests.test_cpl_service.CPLServiceTests.test_T05_neighboring_model_change_does_not_mutate_plan) ... ok
test_T05_no_generate_or_fallback_used (tests.test_cpl_service.CPLServiceTests.test_T05_no_generate_or_fallback_used) ... ok
test_T05_router_and_alias_model_rejected_before_transport (tests.test_cpl_service.CPLServiceTests.test_T05_router_and_alias_model_rejected_before_transport) ... ok
test_T06_bounds_body_errors_json_and_finish_reason (tests.test_cpl_service.CPLServiceTests.test_T06_bounds_body_errors_json_and_finish_reason) ... ok
test_T06_conservative_price_and_session_reservation (tests.test_cpl_service.CPLServiceTests.test_T06_conservative_price_and_session_reservation) ... ok
test_T06_deadline_and_timeout (tests.test_cpl_service.CPLServiceTests.test_T06_deadline_and_timeout) ... ok
test_T06_delayed_connection_after_cancel_sends_no_generation (tests.test_cpl_service.CPLServiceTests.test_T06_delayed_connection_after_cancel_sends_no_generation) ... ok
test_T06_expired_run_deadline_never_starts_transport (tests.test_cpl_service.CPLServiceTests.test_T06_expired_run_deadline_never_starts_transport) ... ok
test_T06_input_bound_checked_before_transport (tests.test_cpl_service.CPLServiceTests.test_T06_input_bound_checked_before_transport) ... ok
test_T06_live_zero_budget_and_missing_price_are_blocked (tests.test_cpl_service.CPLServiceTests.test_T06_live_zero_budget_and_missing_price_are_blocked) ... ok
test_T06_operator_policy_file_is_explicit_bounded_and_zero_rejected (tests.test_cpl_service.CPLServiceTests.test_T06_operator_policy_file_is_explicit_bounded_and_zero_rejected) ... ok
test_T06_plan_rejects_infinite_negative_and_oversized_limits (tests.test_cpl_service.CPLServiceTests.test_T06_plan_rejects_infinite_negative_and_oversized_limits) ... ok
test_T06_trickling_http_headers_cannot_extend_deadline (tests.test_cpl_service.CPLServiceTests.test_T06_trickling_http_headers_cannot_extend_deadline) ... ok
test_T07_cancel_is_responsive_and_late_result_is_discarded (tests.test_cpl_service.CPLServiceTests.test_T07_cancel_is_responsive_and_late_result_is_discarded) ... ok
test_T07_restart_marks_unfinished_run_interrupted_no_replay (tests.test_cpl_service.CPLServiceTests.test_T07_restart_marks_unfinished_run_interrupted_no_replay) ... ok
test_T08_concurrent_double_start_exactly_one_worker (tests.test_cpl_service.CPLServiceTests.test_T08_concurrent_double_start_exactly_one_worker) ... ok
test_T08_expiry (tests.test_cpl_service.CPLServiceTests.test_T08_expiry) ... ok
test_T08_nonce_hash_and_mutated_plan_rejected (tests.test_cpl_service.CPLServiceTests.test_T08_nonce_hash_and_mutated_plan_rejected) ... ok
test_T09_model_commands_are_data_not_authority (tests.test_cpl_service.CPLServiceTests.test_T09_model_commands_are_data_not_authority) ... ok
test_T12_missing_usage_is_not_zero (tests.test_cpl_service.CPLServiceTests.test_T12_missing_usage_is_not_zero) ... ok
test_T13_reopen_completed_and_verify_external_manifest_without_provider (tests.test_cpl_service.CPLServiceTests.test_T13_reopen_completed_and_verify_external_manifest_without_provider) ... ok
test_T14_known_secrets_redacted_before_hash_and_persistence (tests.test_cpl_service.CPLServiceTests.test_T14_known_secrets_redacted_before_hash_and_persistence) ... ok
test_T14_prompt_secrets_rejected_before_network (tests.test_cpl_service.CPLServiceTests.test_T14_prompt_secrets_rejected_before_network) ... ok
test_T15_no_knowledge_promotion_or_training (tests.test_cpl_service.CPLServiceTests.test_T15_no_knowledge_promotion_or_training) ... ok
test_closure_cancel_draft_and_each_critic_is_terminal_without_replay (tests.test_cpl_service.CPLServiceTests.test_closure_cancel_draft_and_each_critic_is_terminal_without_replay) ... ok
test_closure_timeout_in_each_critic_and_final_revision_never_delivers (tests.test_cpl_service.CPLServiceTests.test_closure_timeout_in_each_critic_and_final_revision_never_delivers) ... ok
test_snapshot_integrity_port_retained (tests.test_cpl_service.CPLServiceTests.test_snapshot_integrity_port_retained) ... ok
test_configuration_hash_is_deterministic_and_model_bound (tests.test_cpl_original_contract.ConfigurationValidationTests.test_configuration_hash_is_deterministic_and_model_bound) ... ok
test_configuration_rejects_secret_shaped_material (tests.test_cpl_original_contract.ConfigurationValidationTests.test_configuration_rejects_secret_shaped_material) ... ok
test_disabled_slot_does_not_resolve_or_call (tests.test_cpl_original_contract.ConfigurationValidationTests.test_disabled_slot_does_not_resolve_or_call) ... ok
test_duplicate_slots_fail_before_calls (tests.test_cpl_original_contract.ConfigurationValidationTests.test_duplicate_slots_fail_before_calls) ... ok
test_malformed_provider_or_model_identifier_is_invalid_without_call (tests.test_cpl_original_contract.ConfigurationValidationTests.test_malformed_provider_or_model_identifier_is_invalid_without_call) ... ok
test_missing_provider_or_model_is_invalid_without_call (tests.test_cpl_original_contract.ConfigurationValidationTests.test_missing_provider_or_model_is_invalid_without_call) ... ok
test_more_than_three_configs_fails_before_calls (tests.test_cpl_original_contract.ConfigurationValidationTests.test_more_than_three_configs_fails_before_calls) ... ok
test_unsupported_or_out_of_order_slots_fail_before_calls (tests.test_cpl_original_contract.ConfigurationValidationTests.test_unsupported_or_out_of_order_slots_fail_before_calls) ... ok
test_duplicate_provider_and_model_choices_receive_independent_calls (tests.test_cpl_original_contract.ExactCallBudgetTests.test_duplicate_provider_and_model_choices_receive_independent_calls) ... ok
test_exact_provider_connection_model_and_output_limit_are_unchanged (tests.test_cpl_original_contract.ExactCallBudgetTests.test_exact_provider_connection_model_and_output_limit_are_unchanged) ... ok
test_json_fence_with_surrounding_prose_remains_unstructured (tests.test_cpl_original_contract.ExactCallBudgetTests.test_json_fence_with_surrounding_prose_remains_unstructured) ... ok
test_knowledge_and_deterministic_empty_evidence_are_supplied (tests.test_cpl_original_contract.ExactCallBudgetTests.test_knowledge_and_deterministic_empty_evidence_are_supplied) ... ok
test_local_parser_enforces_the_declared_schema_item_bounds (tests.test_cpl_original_contract.ExactCallBudgetTests.test_local_parser_enforces_the_declared_schema_item_bounds) ... ok
test_malformed_output_causes_no_repair_or_second_call (tests.test_cpl_original_contract.ExactCallBudgetTests.test_malformed_output_causes_no_repair_or_second_call) ... ok
test_native_structured_sender_receives_strict_observer_schema_once (tests.test_cpl_original_contract.ExactCallBudgetTests.test_native_structured_sender_receives_strict_observer_schema_once) ... ok
test_observer_results_never_enter_later_requests (tests.test_cpl_original_contract.ExactCallBudgetTests.test_observer_results_never_enter_later_requests) ... ok
test_provider_exception_attempts_once_and_continues_other_slots (tests.test_cpl_original_contract.ExactCallBudgetTests.test_provider_exception_attempts_once_and_continues_other_slots) ... ok
test_provider_reported_model_substitution_is_rejected (tests.test_cpl_original_contract.ExactCallBudgetTests.test_provider_reported_model_substitution_is_rejected) ... ok
test_single_json_code_fence_is_accepted_without_second_call (tests.test_cpl_original_contract.ExactCallBudgetTests.test_single_json_code_fence_is_accepted_without_second_call) ... ok
test_unavailable_selected_connection_does_not_fall_back (tests.test_cpl_original_contract.ExactCallBudgetTests.test_unavailable_selected_connection_does_not_fall_back) ... ok
test_zero_one_two_three_enabled_produce_exact_call_counts (tests.test_cpl_original_contract.ExactCallBudgetTests.test_zero_one_two_three_enabled_produce_exact_call_counts) ... ok
test_authority_is_an_allowed_finding_category (tests.test_cpl_original_contract.ResultHandlingTests.test_authority_is_an_allowed_finding_category) ... ok
test_every_local_result_retains_both_hashes_and_non_authority (tests.test_cpl_original_contract.ResultHandlingTests.test_every_local_result_retains_both_hashes_and_non_authority) ... ok
test_provider_cannot_replace_authority_or_hash_fields (tests.test_cpl_original_contract.ResultHandlingTests.test_provider_cannot_replace_authority_or_hash_fields) ... ok
test_raw_unstructured_output_is_bounded_and_secret_redacted (tests.test_cpl_original_contract.ResultHandlingTests.test_raw_unstructured_output_is_bounded_and_secret_redacted) ... ok
test_structured_json_produces_completed_immutable_metadata (tests.test_cpl_original_contract.ResultHandlingTests.test_structured_json_produces_completed_immutable_metadata) ... ok
test_uncertainty_is_an_allowed_finding_category (tests.test_cpl_original_contract.ResultHandlingTests.test_uncertainty_is_an_allowed_finding_category) ... ok
test_final_revision_contains_draft_evidence_and_three_reports (tests.test_cpl_original_contract.SequentialReviewTests.test_final_revision_contains_draft_evidence_and_three_reports) ... ok
test_final_revision_fails_closed_when_an_observer_did_not_complete (tests.test_cpl_original_contract.SequentialReviewTests.test_final_revision_fails_closed_when_an_observer_did_not_complete) ... ok
test_incomplete_sequential_setup_fails_before_any_call (tests.test_cpl_original_contract.SequentialReviewTests.test_incomplete_sequential_setup_fails_before_any_call) ... ok
test_observers_run_once_in_order_with_only_earlier_metadata (tests.test_cpl_original_contract.SequentialReviewTests.test_observers_run_once_in_order_with_only_earlier_metadata) ... ok
test_operator_cancel_stops_before_the_next_observer_call (tests.test_cpl_original_contract.SequentialReviewTests.test_operator_cancel_stops_before_the_next_observer_call) ... ok
test_api_key_like_material_is_rejected_before_serialization (tests.test_cpl_original_contract.SnapshotAndHashingTests.test_api_key_like_material_is_rejected_before_serialization) ... ok
test_canonical_hash_is_independent_of_dictionary_insertion_order (tests.test_cpl_original_contract.SnapshotAndHashingTests.test_canonical_hash_is_independent_of_dictionary_insertion_order) ... ok
test_empty_prompt_or_response_fails_closed (tests.test_cpl_original_contract.SnapshotAndHashingTests.test_empty_prompt_or_response_fails_closed) ... ok
test_evidence_change_changes_digest_and_snapshot_hash (tests.test_cpl_original_contract.SnapshotAndHashingTests.test_evidence_change_changes_digest_and_snapshot_hash) ... ok
test_forged_snapshot_hash_causes_zero_calls (tests.test_cpl_original_contract.SnapshotAndHashingTests.test_forged_snapshot_hash_causes_zero_calls) ... ok
test_identical_inputs_produce_identical_hashes (tests.test_cpl_original_contract.SnapshotAndHashingTests.test_identical_inputs_produce_identical_hashes) ... ok
test_model_change_changes_snapshot_hash (tests.test_cpl_original_contract.SnapshotAndHashingTests.test_model_change_changes_snapshot_hash) ... ok
test_no_evidence_snapshot_is_deterministic (tests.test_cpl_original_contract.SnapshotAndHashingTests.test_no_evidence_snapshot_is_deterministic) ... ok
test_prompt_change_changes_snapshot_hash (tests.test_cpl_original_contract.SnapshotAndHashingTests.test_prompt_change_changes_snapshot_hash) ... ok
test_response_change_changes_snapshot_hash (tests.test_cpl_original_contract.SnapshotAndHashingTests.test_response_change_changes_snapshot_hash) ... ok
test_redact_exception_never_raises (tests.test_cpl_original_redaction.SecretRedactionTests.test_redact_exception_never_raises) ... ok
test_redact_secret_data_masks_sensitive_dict_keys (tests.test_cpl_original_redaction.SecretRedactionTests.test_redact_secret_data_masks_sensitive_dict_keys) ... ok
test_redacts_bearer_token (tests.test_cpl_original_redaction.SecretRedactionTests.test_redacts_bearer_token) ... ok
test_redacts_key_equals_value_pattern (tests.test_cpl_original_redaction.SecretRedactionTests.test_redacts_key_equals_value_pattern) ... ok
test_redacts_known_secret_verbatim (tests.test_cpl_original_redaction.SecretRedactionTests.test_redacts_known_secret_verbatim) ... ok
test_cancel_before_final_revision_never_calls_primary_again (tests.test_cpl_generic.GenericCPLTests.test_cancel_before_final_revision_never_calls_primary_again) ... ok
test_changed_prompt_models_budget_and_limits_require_new_plan_hash (tests.test_cpl_generic.GenericCPLTests.test_changed_prompt_models_budget_and_limits_require_new_plan_hash) ... ok
test_generic_01_python_recursion (tests.test_cpl_generic.GenericCPLTests.test_generic_01_python_recursion) ... ok
test_generic_02_arithmetic_exact_whitespace (tests.test_cpl_generic.GenericCPLTests.test_generic_02_arithmetic_exact_whitespace) ... ok
test_generic_03_sky (tests.test_cpl_generic.GenericCPLTests.test_generic_03_sky) ... ok
test_generic_04_birthday (tests.test_cpl_generic.GenericCPLTests.test_generic_04_birthday) ... ok
test_generic_05_used_laptop (tests.test_cpl_generic.GenericCPLTests.test_generic_05_used_laptop) ... ok
test_generic_06_ram_ssd (tests.test_cpl_generic.GenericCPLTests.test_generic_06_ram_ssd) ... ok
test_generic_07_history (tests.test_cpl_generic.GenericCPLTests.test_generic_07_history) ... ok
test_generic_08_ambiguity (tests.test_cpl_generic.GenericCPLTests.test_generic_08_ambiguity) ... ok
test_generic_09_german_law_without_law_pack (tests.test_cpl_generic.GenericCPLTests.test_generic_09_german_law_without_law_pack) ... ok
test_generic_10_current_information_no_fresh_evidence (tests.test_cpl_generic.GenericCPLTests.test_generic_10_current_information_no_fresh_evidence) ... ok
test_generic_11_quoted_instructions_are_untrusted_material (tests.test_cpl_generic.GenericCPLTests.test_generic_11_quoted_instructions_are_untrusted_material) ... ok
test_generic_12_creative_writing (tests.test_cpl_generic.GenericCPLTests.test_generic_12_creative_writing) ... ok
test_invalid_prompt_evidence_roles_models_are_rejected_before_generation (tests.test_cpl_generic.GenericCPLTests.test_invalid_prompt_evidence_roles_models_are_rejected_before_generation) ... ok
test_missing_wrong_connection_model_and_scope_fail_closed (tests.test_cpl_generic.GenericCPLTests.test_missing_wrong_connection_model_and_scope_fail_closed) ... ok
test_sixth_generation_attempt_is_rejected_before_transport (tests.test_cpl_generic.GenericCPLTests.test_sixth_generation_attempt_is_rejected_before_transport) ... ok
test_unexpected_critic_json_field_prevents_revision (tests.test_cpl_generic.GenericCPLTests.test_unexpected_critic_json_field_prevents_revision) ... ok
test_T07_second_owner_cannot_interrupt_active_peer (tests.test_cpl_evidence.CPLEvidenceTests.test_T07_second_owner_cannot_interrupt_active_peer) ... ok
test_T13_modified_reordered_missing_foreign_and_truncated_events (tests.test_cpl_evidence.CPLEvidenceTests.test_T13_modified_reordered_missing_foreign_and_truncated_events) ... ok
test_T13_rewritten_local_manifest_needs_retained_external_anchor (tests.test_cpl_evidence.CPLEvidenceTests.test_T13_rewritten_local_manifest_needs_retained_external_anchor) ... ok
test_T14_secrets_redacted_before_shared_chain_and_manifest (tests.test_cpl_evidence.CPLEvidenceTests.test_T14_secrets_redacted_before_shared_chain_and_manifest) ... ok
test_T18_symlink_root_and_run_are_rejected (tests.test_cpl_evidence.CPLEvidenceTests.test_T18_symlink_root_and_run_are_rejected) ... ok
test_both_signals_return_the_same_completed_run (tests.test_cpl_wait_contract.CPLWaitContractTests.test_both_signals_return_the_same_completed_run) ... ok
test_cleanup_signal_releases_waiter_and_thread_terminates (tests.test_cpl_wait_contract.CPLWaitContractTests.test_cleanup_signal_releases_waiter_and_thread_terminates) ... ok
test_completed_view_requires_both_completion_signals (tests.test_cpl_wait_contract.CPLWaitContractTests.test_completed_view_requires_both_completion_signals) ... ok
test_completion_and_cleanup_share_one_finite_budget (tests.test_cpl_wait_contract.CPLWaitContractTests.test_completion_and_cleanup_share_one_finite_budget) ... ok
test_exhausted_budget_cannot_restart_cleanup_deadline (tests.test_cpl_wait_contract.CPLWaitContractTests.test_exhausted_budget_cannot_restart_cleanup_deadline) ... ok
test_missing_completion_fails_with_positive_finite_bound (tests.test_cpl_wait_contract.CPLWaitContractTests.test_missing_completion_fails_with_positive_finite_bound) ... ok
test_exact_competition_binding_is_read_only (tests.test_cpl_preset.CPLPresetTests.test_exact_competition_binding_is_read_only) ... ok
test_existing_ui_exposes_preset_and_explicit_cpl_bypass (tests.test_cpl_preset.CPLPresetTests.test_existing_ui_exposes_preset_and_explicit_cpl_bypass) ... ok
test_live_preconditions_can_be_reported_without_starting_a_run (tests.test_cpl_preset.CPLPresetTests.test_live_preconditions_can_be_reported_without_starting_a_run) ... ok
test_live_without_key_and_policy_fails_closed (tests.test_cpl_preset.CPLPresetTests.test_live_without_key_and_policy_fails_closed) ... ok
test_T08_http_double_start_and_fake_approval_rejected (tests.test_cpl_web.CPLWebTests.test_T08_http_double_start_and_fake_approval_rejected) ... ok
test_T09_core_guard_rechecked_at_start_without_consuming_approval (tests.test_cpl_web.CPLWebTests.test_T09_core_guard_rechecked_at_start_without_consuming_approval) ... ok
test_T09_core_guard_rechecked_between_generation_phases (tests.test_cpl_web.CPLWebTests.test_T09_core_guard_rechecked_between_generation_phases) ... ok
test_T09_core_kill_switch_cannot_be_bypassed_by_direct_service_plan (tests.test_cpl_web.CPLWebTests.test_T09_core_kill_switch_cannot_be_bypassed_by_direct_service_plan) ... ok
test_T09_live_model_disable_gate_without_external_transport (tests.test_cpl_web.CPLWebTests.test_T09_live_model_disable_gate_without_external_transport) ... ok
test_T10_cli_and_real_web_share_exact_service_and_full_result (tests.test_cpl_web.CPLWebTests.test_T10_cli_and_real_web_share_exact_service_and_full_result) ... ok
test_T10_error_exposed_without_raw_provider_error (tests.test_cpl_web.CPLWebTests.test_T10_error_exposed_without_raw_provider_error) ... ok
test_T11_body_bounds_duplicate_fields_nonfinite_and_framing (tests.test_cpl_web.CPLWebTests.test_T11_body_bounds_duplicate_fields_nonfinite_and_framing) ... ok
test_T11_chat_cannot_bypass_cpl_approval (tests.test_cpl_web.CPLWebTests.test_T11_chat_cannot_bypass_cpl_approval) ... ok
test_T11_host_origin_token_and_no_cors (tests.test_cpl_web.CPLWebTests.test_T11_host_origin_token_and_no_cors) ... ok
test_T11_status_and_cancel_responsive_during_real_http (tests.test_cpl_web.CPLWebTests.test_T11_status_and_cancel_responsive_during_real_http) ... ok
test_T16_existing_chat_commands_status_and_review_stay_separate (tests.test_cpl_web.CPLWebTests.test_T16_existing_chat_commands_status_and_review_stay_separate) ... ok
test_authority_timeline_is_token_protected_read_only_projection (tests.test_cpl_web.CPLWebTests.test_authority_timeline_is_token_protected_read_only_projection) ... ok
test_competition_dashboard_end_to_end_uses_real_demo_evidence (tests.test_cpl_web.CPLWebTests.test_competition_dashboard_end_to_end_uses_real_demo_evidence) ... ok
test_competition_demo_is_token_protected_and_explicit_fixture (tests.test_cpl_web.CPLWebTests.test_competition_demo_is_token_protected_and_explicit_fixture) ... ok
test_competition_evaluation_is_token_protected_and_has_no_hidden_reasoning (tests.test_cpl_web.CPLWebTests.test_competition_evaluation_is_token_protected_and_has_no_hidden_reasoning) ... ok
test_cpl_competition_preset_is_token_protected_read_only_and_no_call (tests.test_cpl_web.CPLWebTests.test_cpl_competition_preset_is_token_protected_read_only_and_no_call) ... ok
test_default_assistant_prompt_uses_same_plan_and_requires_nonce (tests.test_cpl_web.CPLWebTests.test_default_assistant_prompt_uses_same_plan_and_requires_nonce) ... ok
test_default_cpl_error_does_not_invoke_plain_engine (tests.test_cpl_web.CPLWebTests.test_default_cpl_error_does_not_invoke_plain_engine) ... ok
test_invalid_assistant_mode_shape_and_fake_approval_cannot_generate (tests.test_cpl_web.CPLWebTests.test_invalid_assistant_mode_shape_and_fake_approval_cannot_generate) ... ok
test_plain_chat_is_explicit_and_never_claims_review (tests.test_cpl_web.CPLWebTests.test_plain_chat_is_explicit_and_never_claims_review) ... ok
test_provider_availability_is_token_protected_and_evidence_backed (tests.test_cpl_web.CPLWebTests.test_provider_availability_is_token_protected_and_evidence_backed) ... ok
test_T17_default_bundled_lookup_is_retained (tests.test_cpl_retrieval_root.ExplicitRetrievalRootTests.test_T17_default_bundled_lookup_is_retained) ... ok
test_T17_empty_index_never_uses_bundled_corpus (tests.test_cpl_retrieval_root.ExplicitRetrievalRootTests.test_T17_empty_index_never_uses_bundled_corpus) ... ok
test_T17_explicit_corpora_and_caches_are_isolated_concurrently (tests.test_cpl_retrieval_root.ExplicitRetrievalRootTests.test_T17_explicit_corpora_and_caches_are_isolated_concurrently) ... ok
test_T17_missing_explicit_root_has_zero_results (tests.test_cpl_retrieval_root.ExplicitRetrievalRootTests.test_T17_missing_explicit_root_has_zero_results) ... ok
test_actual_default_cli_question_plans_then_restart_does_not_replay (tests.test_cpl_assistant_cli.AssistantCLITests.test_actual_default_cli_question_plans_then_restart_does_not_replay) ... ok
test_interactive_plain_flag_is_explicit_bypass_of_review (tests.test_cpl_assistant_cli.AssistantCLITests.test_interactive_plain_flag_is_explicit_bypass_of_review) ... ok
test_optional_tui_adapter_uses_same_default_without_textual_dependency (tests.test_cpl_assistant_cli.AssistantCLITests.test_optional_tui_adapter_uses_same_default_without_textual_dependency) ... ok

----------------------------------------------------------------------
Ran 143 tests in 57.685s

OK
