test_N201_disabled_profile_opens_no_services_or_journal (tests.test_nv02_lite.NV02Tests.test_N201_disabled_profile_opens_no_services_or_journal) ... ok
test_N202_manifest_rejects_unknown_duplicates_and_nonfinite (tests.test_nv02_lite.NV02Tests.test_N202_manifest_rejects_unknown_duplicates_and_nonfinite) ... ok
test_N202_manifest_roundtrip_digest_and_immutable_nested_policy (tests.test_nv02_lite.NV02Tests.test_N202_manifest_roundtrip_digest_and_immutable_nested_policy) ... ok
test_N202_scope_source_and_revision_conflicts (tests.test_nv02_lite.NV02Tests.test_N202_scope_source_and_revision_conflicts) ... ok
test_N203_process_lock_blocks_another_process (tests.test_nv02_lite.NV02Tests.test_N203_process_lock_blocks_another_process) ... ok
test_N203_second_owner_denied_and_lease_released_on_close (tests.test_nv02_lite.NV02Tests.test_N203_second_owner_denied_and_lease_released_on_close) ... ok
test_N204_revision_only_changes_are_not_material (tests.test_nv02_lite.NV02Tests.test_N204_revision_only_changes_are_not_material) ... ok
test_N204_ten_identical_fresh_probes_make_zero_model_calls (tests.test_nv02_lite.NV02Tests.test_N204_ten_identical_fresh_probes_make_zero_model_calls) ... ok
test_N205_material_change_queues_exactly_one_then_commits (tests.test_nv02_lite.NV02Tests.test_N205_material_change_queues_exactly_one_then_commits) ... ok
test_N206_restart_idle_and_stable_baseline_remain_readonly (tests.test_nv02_lite.NV02Tests.test_N206_restart_idle_and_stable_baseline_remain_readonly) ... ok
test_N207_crash_after_reservation_marks_unknown_and_preserves_budget (tests.test_nv02_lite.NV02Tests.test_N207_crash_after_reservation_marks_unknown_and_preserves_budget) ... ok
test_N207_restart_queued_requires_reconciliation_without_replay (tests.test_nv02_lite.NV02Tests.test_N207_restart_queued_requires_reconciliation_without_replay) ... ok
test_N208_bounded_queue_reports_backpressure (tests.test_nv02_lite.NV02Tests.test_N208_bounded_queue_reports_backpressure) ... ok
test_N209_missing_key_is_typed_and_never_enters_transport (tests.test_nv02_lite.NV02Tests.test_N209_missing_key_is_typed_and_never_enters_transport) ... ok
test_N210_json_mode_payload_preserves_pinned_model_and_disabled_thinking (tests.test_nv02_lite.NV02Tests.test_N210_json_mode_payload_preserves_pinned_model_and_disabled_thinking) ... ok
test_N211_timeout_is_unknown_not_released (tests.test_nv02_lite.NV02Tests.test_N211_timeout_is_unknown_not_released) ... ok
test_N212_http_429_is_post_transport_provider_outcome (tests.test_nv02_lite.NV02Tests.test_N212_http_429_is_post_transport_provider_outcome) ... ok
test_N212_rate_limit_retries_with_delay_and_hard_attempt_limit (tests.test_nv02_lite.NV02Tests.test_N212_rate_limit_retries_with_delay_and_hard_attempt_limit) ... ok
test_N212_rejected_attempts_count_against_hourly_budget (tests.test_nv02_lite.NV02Tests.test_N212_rejected_attempts_count_against_hourly_budget) ... ok
test_N213_byte_limit_and_invalid_input_are_bounded (tests.test_nv02_lite.NV02Tests.test_N213_byte_limit_and_invalid_input_are_bounded) ... ok
test_N213_truncation_invalid_json_schema_and_tools_fail_closed (tests.test_nv02_lite.NV02Tests.test_N213_truncation_invalid_json_schema_and_tools_fail_closed) ... ok
test_N214_output_token_request_bounds_remain_strict_in_json_mode (tests.test_nv02_lite.NV02Tests.test_N214_output_token_request_bounds_remain_strict_in_json_mode) ... ok
test_N214_unknown_model_has_no_fallback_or_transport (tests.test_nv02_lite.NV02Tests.test_N214_unknown_model_has_no_fallback_or_transport) ... ok
test_N215_reservation_is_committed_before_transport_in_another_connection (tests.test_nv02_lite.NV02Tests.test_N215_reservation_is_committed_before_transport_in_another_connection) ... ok
test_N216_5xx_and_connection_failures_are_conservative_unknown (tests.test_nv02_lite.NV02Tests.test_N216_5xx_and_connection_failures_are_conservative_unknown) ... ok
test_N216_malformed_json_mode_reply_preserves_unknown_and_consumed_attempt (tests.test_nv02_lite.NV02Tests.test_N216_malformed_json_mode_reply_preserves_unknown_and_consumed_attempt) ... ok
test_N216_unknown_blocks_further_inference_even_after_hour_and_restart (tests.test_nv02_lite.NV02Tests.test_N216_unknown_blocks_further_inference_even_after_hour_and_restart) ... ok
test_N217_all_mutable_profiles_and_execution_routes_are_denied (tests.test_nv02_lite.NV02Tests.test_N217_all_mutable_profiles_and_execution_routes_are_denied) ... ok
test_N218_shadow_output_cannot_change_cadence_budget_or_authority (tests.test_nv02_lite.NV02Tests.test_N218_shadow_output_cannot_change_cadence_budget_or_authority) ... ok
test_N220_cli_doctor_and_status_are_readonly_and_redact_key (tests.test_nv02_lite.NV02Tests.test_N220_cli_doctor_and_status_are_readonly_and_redact_key) ... ok
test_input_file_is_readonly_and_symlinks_are_rejected (tests.test_nv02_lite.NV02Tests.test_input_file_is_readonly_and_symlinks_are_rejected) ... ok
test_interpretive_deadline_is_explicit_and_not_every_heartbeat (tests.test_nv02_lite.NV02Tests.test_interpretive_deadline_is_explicit_and_not_every_heartbeat) ... ok
test_journal_evidence_and_budget_storage_are_bounded (tests.test_nv02_lite.NV02Tests.test_journal_evidence_and_budget_storage_are_bounded) ... ok
test_material_uncertainty_does_not_double_infer_on_next_probe (tests.test_nv02_lite.NV02Tests.test_material_uncertainty_does_not_double_infer_on_next_probe) ... ok
test_new_manifest_revision_does_not_reset_spent_hourly_budget (tests.test_nv02_lite.NV02Tests.test_new_manifest_revision_does_not_reset_spent_hourly_budget) ... ok
test_real_cli_sigterm_and_sigint_persist_stopped_and_release_lease (tests.test_nv02_lite.NV02Tests.test_real_cli_sigterm_and_sigint_persist_stopped_and_release_lease) ... ok
test_reconciliation_requirement_survives_two_clean_restarts (tests.test_nv02_lite.NV02Tests.test_reconciliation_requirement_survives_two_clean_restarts) ... ok
test_scheduler_concurrent_tick_is_denied_while_inference_runs (tests.test_nv02_lite.NV02Tests.test_scheduler_concurrent_tick_is_denied_while_inference_runs) ... ok
test_scheduler_signal_request_stops_without_new_transport (tests.test_nv02_lite.NV02Tests.test_scheduler_signal_request_stops_without_new_transport) ... ok
test_stale_queued_observation_never_reaches_provider (tests.test_nv02_lite.NV02Tests.test_stale_queued_observation_never_reaches_provider) ... ok
test_uncertain_probe_has_bounded_deduplication (tests.test_nv02_lite.NV02Tests.test_uncertain_probe_has_bounded_deduplication) ... ok
test_connection_timeout_is_capped_at_ten_seconds (tests.test_nv02_http.HTTPTests.test_connection_timeout_is_capped_at_ten_seconds) ... ok
test_direct_exchange_requires_authorization_before_connection (tests.test_nv02_http.HTTPTests.test_direct_exchange_requires_authorization_before_connection) ... ok
test_fixed_verified_https_endpoint_and_bounded_response (tests.test_nv02_http.HTTPTests.test_fixed_verified_https_endpoint_and_bounded_response) ... ok
test_public_transport_requires_gate_authorization_before_connection (tests.test_nv02_http.HTTPTests.test_public_transport_requires_gate_authorization_before_connection) ... ok
test_redirect_status_returns_without_reading_body_or_second_request (tests.test_nv02_http.HTTPTests.test_redirect_status_returns_without_reading_body_or_second_request) ... ok
test_total_deadline_rejects_slow_response_and_closes_connection (tests.test_nv02_http.HTTPTests.test_total_deadline_rejects_slow_response_and_closes_connection) ... ok
test_actor_receives_only_public_demo_observation_fields (tests.test_nv09_service_guard.ServiceGuardTests.test_actor_receives_only_public_demo_observation_fields) ... ok
test_actual_lost_http_ack_reconciles_without_second_post (tests.test_nv09_service_guard.ServiceGuardTests.test_actual_lost_http_ack_reconciles_without_second_post) ... ok
test_actual_process_crash_after_effect_before_local_receipt (tests.test_nv09_service_guard.ServiceGuardTests.test_actual_process_crash_after_effect_before_local_receipt) ... ok
test_authorization_single_use_and_request_binding (tests.test_nv09_service_guard.ServiceGuardTests.test_authorization_single_use_and_request_binding) ... ok
test_boundary_independent_target_recheck_rejects_late_revision_change (tests.test_nv09_service_guard.ServiceGuardTests.test_boundary_independent_target_recheck_rejects_late_revision_change) ... ok
test_consent_expiry_cannot_be_overridden_by_proposal (tests.test_nv09_service_guard.ServiceGuardTests.test_consent_expiry_cannot_be_overridden_by_proposal) ... ok
test_duplicate_delivery_and_consumed_approval_never_create_second_effect (tests.test_nv09_service_guard.ServiceGuardTests.test_duplicate_delivery_and_consumed_approval_never_create_second_effect) ... ok
test_forged_token_and_mutable_target_handle_are_rejected (tests.test_nv09_service_guard.ServiceGuardTests.test_forged_token_and_mutable_target_handle_are_rejected) ... ok
test_high_score_does_not_bypass_revocation (tests.test_nv09_service_guard.ServiceGuardTests.test_high_score_does_not_bypass_revocation) ... ok
test_inspection_tick_does_not_generate_or_dispatch (tests.test_nv09_service_guard.ServiceGuardTests.test_inspection_tick_does_not_generate_or_dispatch) ... ok
test_invalid_actor_schema_is_unknown_and_not_regenerated (tests.test_nv09_service_guard.ServiceGuardTests.test_invalid_actor_schema_is_unknown_and_not_regenerated) ... ok
test_malformed_target_receipt_cannot_be_verified_or_retried (tests.test_nv09_service_guard.ServiceGuardTests.test_malformed_target_receipt_cannot_be_verified_or_retried) ... ok
test_model_injection_and_high_pheromone_text_grant_no_authority (tests.test_nv09_service_guard.ServiceGuardTests.test_model_injection_and_high_pheromone_text_grant_no_authority) ... ok
test_observation_invalid_enum_is_controlled_denial (tests.test_nv09_service_guard.ServiceGuardTests.test_observation_invalid_enum_is_controlled_denial) ... ok
test_old_proposal_revision_is_not_authority (tests.test_nv09_service_guard.ServiceGuardTests.test_old_proposal_revision_is_not_authority) ... ok
test_one_existing_scheduler_rejects_second_owner_of_same_watch (tests.test_nv09_service_guard.ServiceGuardTests.test_one_existing_scheduler_rejects_second_owner_of_same_watch) ... ok
test_policy_revision_change_invalidates_consent (tests.test_nv09_service_guard.ServiceGuardTests.test_policy_revision_change_invalidates_consent) ... ok
test_real_local_effect_has_durable_receipt_then_independent_measurement (tests.test_nv09_service_guard.ServiceGuardTests.test_real_local_effect_has_durable_receipt_then_independent_measurement) ... ok
test_receipt_is_not_truth_when_independent_measurement_changed (tests.test_nv09_service_guard.ServiceGuardTests.test_receipt_is_not_truth_when_independent_measurement_changed) ... ok
test_receipt_read_failure_after_intent_stays_unknown (tests.test_nv09_service_guard.ServiceGuardTests.test_receipt_read_failure_after_intent_stays_unknown) ... ok
test_revoke_after_actor_before_dispatch_wins (tests.test_nv09_service_guard.ServiceGuardTests.test_revoke_after_actor_before_dispatch_wins) ... ok
test_revoke_at_actual_boundary_wins (tests.test_nv09_service_guard.ServiceGuardTests.test_revoke_at_actual_boundary_wins) ... ok
test_run_loop_clean_shutdown_and_fresh_scheduler_resume (tests.test_nv09_service_guard.ServiceGuardTests.test_run_loop_clean_shutdown_and_fresh_scheduler_resume) ... ok
test_second_owner_cannot_read_revoke_or_reuse_consent (tests.test_nv09_service_guard.ServiceGuardTests.test_second_owner_cannot_read_revoke_or_reuse_consent) ... ok
test_shared_scheduler_mutex_prevents_concurrent_evaluations (tests.test_nv09_service_guard.ServiceGuardTests.test_shared_scheduler_mutex_prevents_concurrent_evaluations) ... ok
test_stale_target_changed_after_approval_never_dispatches (tests.test_nv09_service_guard.ServiceGuardTests.test_stale_target_changed_after_approval_never_dispatches) ... ok
test_strict_actor_contract_rejects_authority_and_invalid_types (tests.test_nv09_service_guard.ServiceGuardTests.test_strict_actor_contract_rejects_authority_and_invalid_types) ... ok
test_unauthenticated_target_read_and_mutation_are_denied (tests.test_nv09_service_guard.ServiceGuardTests.test_unauthenticated_target_read_and_mutation_are_denied) ... ok
test_unknown_database_intent_requires_read_before_any_effect_retry (tests.test_nv09_service_guard.ServiceGuardTests.test_unknown_database_intent_requires_read_before_any_effect_retry) ... ok
test_without_consent_model_cannot_dispatch (tests.test_nv09_service_guard.ServiceGuardTests.test_without_consent_model_cannot_dispatch) ... ok
test_wrong_purpose_and_forged_principal_are_denied (tests.test_nv09_service_guard.ServiceGuardTests.test_wrong_purpose_and_forged_principal_are_denied) ... ok
test_cloud_effect_cannot_dispatch_without_existing_serviceguard_authorization (tests.test_serverless_effect_transport.ServerlessEffectTransportTests.test_cloud_effect_cannot_dispatch_without_existing_serviceguard_authorization) ... ok
test_serverless_worker_accepts_only_narrow_typed_actions (tests.test_serverless_effect_transport.ServerlessEffectTransportTests.test_serverless_worker_accepts_only_narrow_typed_actions) ... ok
test_service_guard_uses_typed_cloud_transport_and_verifies_independent_readback (tests.test_serverless_effect_transport.ServerlessEffectTransportTests.test_service_guard_uses_typed_cloud_transport_and_verifies_independent_readback) ... ok
test_timeout_reconciles_receipt_without_replaying_cloud_effect (tests.test_serverless_effect_transport.ServerlessEffectTransportTests.test_timeout_reconciles_receipt_without_replaying_cloud_effect) ... ok
test_worker_apply_is_idempotent_for_the_same_receipt_key (tests.test_serverless_effect_transport.ServerlessEffectTransportTests.test_worker_apply_is_idempotent_for_the_same_receipt_key) ... ok

----------------------------------------------------------------------
Ran 83 tests in 31.887s

OK
