test_authenticated_catalog_never_follows_redirects_or_environment_proxies (tests.test_nebius_provider.NebiusProviderTests.test_authenticated_catalog_never_follows_redirects_or_environment_proxies) ... ok
test_competition_profile_locks_runtime_to_nebius_nemotron (tests.test_nebius_provider.NebiusProviderTests.test_competition_profile_locks_runtime_to_nebius_nemotron) ... ok
test_competition_profile_rejects_non_nemotron_model (tests.test_nebius_provider.NebiusProviderTests.test_competition_profile_rejects_non_nemotron_model) ... ok
test_default_provider_uses_token_factory_and_nemotron_super (tests.test_nebius_provider.NebiusProviderTests.test_default_provider_uses_token_factory_and_nemotron_super) ... ok
test_explicit_nebius_selection_never_falls_back (tests.test_nebius_provider.NebiusProviderTests.test_explicit_nebius_selection_never_falls_back) ... ok
test_manager_alias_selects_nebius_nemotron (tests.test_nebius_provider.NebiusProviderTests.test_manager_alias_selects_nebius_nemotron) ... ok
test_manager_builds_nebius_provider_from_environment (tests.test_nebius_provider.NebiusProviderTests.test_manager_builds_nebius_provider_from_environment) ... ok
test_missing_key_is_fail_closed (tests.test_nebius_provider.NebiusProviderTests.test_missing_key_is_fail_closed) ... ok
test_model_discovery_returns_exact_token_factory_ids (tests.test_nebius_provider.NebiusProviderTests.test_model_discovery_returns_exact_token_factory_ids) ... ok
test_non_nebius_endpoint_is_rejected_before_any_request (tests.test_nebius_provider.NebiusProviderTests.test_non_nebius_endpoint_is_rejected_before_any_request) ... ok
test_official_regional_token_factory_host_is_allowed (tests.test_nebius_provider.NebiusProviderTests.test_official_regional_token_factory_host_is_allowed) ... ok
test_full_cpl_uses_nebius_for_all_five_calls (tests.test_nebius_cpl.NebiusCPLTests.test_full_cpl_uses_nebius_for_all_five_calls) ... ok
test_competition_policy_defaults_to_exact_lightning_with_current_quote (tests.test_nebius_routing.NebiusRoutingTests.test_competition_policy_defaults_to_exact_lightning_with_current_quote) ... ok
test_competition_policy_never_falls_back_when_default_is_missing (tests.test_nebius_routing.NebiusRoutingTests.test_competition_policy_never_falls_back_when_default_is_missing) ... ok
test_competition_super_requires_explicit_cpl_purpose_and_current_quote (tests.test_nebius_routing.NebiusRoutingTests.test_competition_super_requires_explicit_cpl_purpose_and_current_quote) ... ok
test_competition_ultra_requires_escalation_and_operator_policy (tests.test_nebius_routing.NebiusRoutingTests.test_competition_ultra_requires_escalation_and_operator_policy) ... ok
test_exact_live_catalog_ids_map_to_roles_without_rewriting (tests.test_nebius_routing.NebiusRoutingTests.test_exact_live_catalog_ids_map_to_roles_without_rewriting) ... ok
test_lite_cli_constructs_nebius_route_from_host_injected_policies (tests.test_nebius_routing.NebiusRoutingTests.test_lite_cli_constructs_nebius_route_from_host_injected_policies) ... ok
test_lite_port_factory_requires_catalog_quote_and_explicit_ultra_escalation (tests.test_nebius_routing.NebiusRoutingTests.test_lite_port_factory_requires_catalog_quote_and_explicit_ultra_escalation) ... ok
test_lite_profile_can_bind_only_an_explicit_exact_nebius_route (tests.test_nebius_routing.NebiusRoutingTests.test_lite_profile_can_bind_only_an_explicit_exact_nebius_route) ... ok
test_provider_port_checks_identity_and_usd_ceiling_before_transport (tests.test_nebius_routing.NebiusRoutingTests.test_provider_port_checks_identity_and_usd_ceiling_before_transport) ... ok
test_provider_port_preserves_exact_identity_and_advisory_authority (tests.test_nebius_routing.NebiusRoutingTests.test_provider_port_preserves_exact_identity_and_advisory_authority) ... ok
test_running_port_rechecks_catalog_and_quote_freshness_before_each_reservation (tests.test_nebius_routing.NebiusRoutingTests.test_running_port_rechecks_catalog_and_quote_freshness_before_each_reservation) ... ok
test_stale_catalog_or_price_quote_fails_closed (tests.test_nebius_routing.NebiusRoutingTests.test_stale_catalog_or_price_quote_fails_closed) ... ok
test_ultra_requires_explicit_escalation_condition (tests.test_nebius_routing.NebiusRoutingTests.test_ultra_requires_explicit_escalation_condition) ... ok
test_unavailable_role_fails_closed_without_fallback (tests.test_nebius_routing.NebiusRoutingTests.test_unavailable_role_fails_closed_without_fallback) ... ok
test_arbitrary_action_is_rejected_before_transport (tests.test_nebius_https_transport.NebiusHttpsEffectTransportTests.test_arbitrary_action_is_rejected_before_transport) ... ok
test_environment_composition_requires_both_live_values (tests.test_nebius_https_transport.NebiusHttpsEffectTransportTests.test_environment_composition_requires_both_live_values) ... ok
test_live_endpoint_validation_rejects_ambiguous_or_private_destinations (tests.test_nebius_https_transport.NebiusHttpsEffectTransportTests.test_live_endpoint_validation_rejects_ambiguous_or_private_destinations) ... ok
test_loopback_fixture_receives_one_typed_json_request_and_bearer_auth (tests.test_nebius_https_transport.NebiusHttpsEffectTransportTests.test_loopback_fixture_receives_one_typed_json_request_and_bearer_auth) ... ok
test_response_limit_fails_closed (tests.test_nebius_https_transport.NebiusHttpsEffectTransportTests.test_response_limit_fails_closed) ... ok
test_test_scope_accepts_only_explicit_loopback_http (tests.test_nebius_https_transport.NebiusHttpsEffectTransportTests.test_test_scope_accepts_only_explicit_loopback_http) ... ok
test_timeout_is_unknown_and_never_retried (tests.test_nebius_https_transport.NebiusHttpsEffectTransportTests.test_timeout_is_unknown_and_never_retried) ... ok

----------------------------------------------------------------------
Ran 33 tests in 2.363s

OK
