test_competition_profile_locks_runtime_to_nebius_nemotron (tests.test_nebius_provider.NebiusProviderTests.test_competition_profile_locks_runtime_to_nebius_nemotron) ... ok
test_competition_profile_rejects_non_nemotron_model (tests.test_nebius_provider.NebiusProviderTests.test_competition_profile_rejects_non_nemotron_model) ... ok
test_default_provider_uses_token_factory_and_nemotron_super (tests.test_nebius_provider.NebiusProviderTests.test_default_provider_uses_token_factory_and_nemotron_super) ... ok
test_explicit_nebius_selection_never_falls_back (tests.test_nebius_provider.NebiusProviderTests.test_explicit_nebius_selection_never_falls_back) ... ok
test_manager_alias_selects_nebius_nemotron (tests.test_nebius_provider.NebiusProviderTests.test_manager_alias_selects_nebius_nemotron) ... ok
test_manager_builds_nebius_provider_from_environment (tests.test_nebius_provider.NebiusProviderTests.test_manager_builds_nebius_provider_from_environment) ... ok
test_missing_key_is_fail_closed (tests.test_nebius_provider.NebiusProviderTests.test_missing_key_is_fail_closed) ... ok
test_model_discovery_returns_exact_token_factory_ids (tests.test_nebius_provider.NebiusProviderTests.test_model_discovery_returns_exact_token_factory_ids) ... ok
test_non_nebius_endpoint_is_rejected_before_any_request (tests.test_nebius_provider.NebiusProviderTests.test_non_nebius_endpoint_is_rejected_before_any_request) ... ok
test_official_regional_token_factory_host_is_allowed (tests.test_nebius_provider.NebiusProviderTests.test_official_regional_token_factory_host_is_allowed) ... ok
test_catalog_only_passes_without_generation (tests.test_nebius_live_probe.NebiusLiveProbeTests.test_catalog_only_passes_without_generation) ... ok
test_catalog_only_selects_preferred_model_from_live_catalog (tests.test_nebius_live_probe.NebiusLiveProbeTests.test_catalog_only_selects_preferred_model_from_live_catalog) ... ok
test_catalog_only_uses_configured_model_if_preferred_missing (tests.test_nebius_live_probe.NebiusLiveProbeTests.test_catalog_only_uses_configured_model_if_preferred_missing) ... ok
test_cli_loads_configured_secret_without_printing_it (tests.test_nebius_live_probe.NebiusLiveProbeTests.test_cli_loads_configured_secret_without_printing_it) ... ok
test_failure_diagnostics_are_allowlisted_and_recursive (tests.test_nebius_live_probe.NebiusLiveProbeTests.test_failure_diagnostics_are_allowlisted_and_recursive) ... ok
test_missing_key_blocks_before_provider (tests.test_nebius_live_probe.NebiusLiveProbeTests.test_missing_key_blocks_before_provider) ... ok
test_missing_selected_model_fails_before_generation (tests.test_nebius_live_probe.NebiusLiveProbeTests.test_missing_selected_model_fails_before_generation) ... ok
test_network_requires_explicit_authorization (tests.test_nebius_live_probe.NebiusLiveProbeTests.test_network_requires_explicit_authorization) ... ok
test_non_nemotron_model_is_rejected_before_provider (tests.test_nebius_live_probe.NebiusLiveProbeTests.test_non_nemotron_model_is_rejected_before_provider) ... ok
test_output_token_limit_is_bounded_before_provider (tests.test_nebius_live_probe.NebiusLiveProbeTests.test_output_token_limit_is_bounded_before_provider) ... ok
test_probe_keeps_truncated_completion_failed (tests.test_nebius_live_probe.NebiusLiveProbeTests.test_probe_keeps_truncated_completion_failed) ... ok
test_probe_rejects_non_exact_result_identity (tests.test_nebius_live_probe.NebiusLiveProbeTests.test_probe_rejects_non_exact_result_identity) ... ok
test_receipt_write_is_exclusive (tests.test_nebius_live_probe.NebiusLiveProbeTests.test_receipt_write_is_exclusive) ... ok
test_smoke_defaults_to_256_output_tokens (tests.test_nebius_live_probe.NebiusLiveProbeTests.test_smoke_defaults_to_256_output_tokens) ... ok
test_smoke_receipt_excludes_response_and_key (tests.test_nebius_live_probe.NebiusLiveProbeTests.test_smoke_receipt_excludes_response_and_key) ... ok
test_smoke_requires_separate_cost_authorization (tests.test_nebius_live_probe.NebiusLiveProbeTests.test_smoke_requires_separate_cost_authorization) ... ok
test_all_non_stop_reasons_fail_including_empty_content (tests.test_nebius_safe_diagnostics.SafeDiagnosticsTests.test_all_non_stop_reasons_fail_including_empty_content) ... ok
test_constructor_resanitizes_untrusted_metadata (tests.test_nebius_safe_diagnostics.SafeDiagnosticsTests.test_constructor_resanitizes_untrusted_metadata) ... ok
test_content_reasoning_and_arbitrary_fields_never_persist (tests.test_nebius_safe_diagnostics.SafeDiagnosticsTests.test_content_reasoning_and_arbitrary_fields_never_persist) ... ok
test_diagnostic_strings_reject_credentials_and_arbitrary_text (tests.test_nebius_safe_diagnostics.SafeDiagnosticsTests.test_diagnostic_strings_reject_credentials_and_arbitrary_text) ... ok
test_identity_mismatch_retains_safe_metadata (tests.test_nebius_safe_diagnostics.SafeDiagnosticsTests.test_identity_mismatch_retains_safe_metadata) ... ok
test_length_retains_usage_identity_and_request_id (tests.test_nebius_safe_diagnostics.SafeDiagnosticsTests.test_length_retains_usage_identity_and_request_id) ... ok
test_malformed_metadata_does_not_raise (tests.test_nebius_safe_diagnostics.SafeDiagnosticsTests.test_malformed_metadata_does_not_raise) ... ok
test_malformed_nested_usage_is_sanitized_independently (tests.test_nebius_safe_diagnostics.SafeDiagnosticsTests.test_malformed_nested_usage_is_sanitized_independently) ... ok
test_stop_remains_required_even_with_complete_looking_content (tests.test_nebius_safe_diagnostics.SafeDiagnosticsTests.test_stop_remains_required_even_with_complete_looking_content) ... ok
test_full_cpl_uses_nebius_for_all_five_calls (tests.test_nebius_cpl.NebiusCPLTests.test_full_cpl_uses_nebius_for_all_five_calls) ... ok
test_competition_policy_defaults_to_exact_lightning_with_current_quote (tests.test_nebius_routing.NebiusRoutingTests.test_competition_policy_defaults_to_exact_lightning_with_current_quote) ... ok
test_competition_policy_never_falls_back_when_default_is_missing (tests.test_nebius_routing.NebiusRoutingTests.test_competition_policy_never_falls_back_when_default_is_missing) ... ok
test_competition_super_requires_explicit_cpl_purpose_and_current_quote (tests.test_nebius_routing.NebiusRoutingTests.test_competition_super_requires_explicit_cpl_purpose_and_current_quote) ... ok
test_competition_ultra_requires_escalation_and_operator_policy (tests.test_nebius_routing.NebiusRoutingTests.test_competition_ultra_requires_escalation_and_operator_policy) ... ok
test_exact_live_catalog_ids_map_to_roles_without_rewriting (tests.test_nebius_routing.NebiusRoutingTests.test_exact_live_catalog_ids_map_to_roles_without_rewriting) ... ok
test_lite_cli_constructs_nebius_route_from_host_injected_policies (tests.test_nebius_routing.NebiusRoutingTests.test_lite_cli_constructs_nebius_route_from_host_injected_policies) ... ok
test_lite_port_factory_requires_catalog_quote_and_explicit_ultra_escalation (tests.test_nebius_routing.NebiusRoutingTests.test_lite_port_factory_requires_catalog_quote_and_explicit_ultra_escalation) ... ok
test_lite_profile_can_bind_only_an_explicit_exact_nebius_route (tests.test_nebius_routing.NebiusRoutingTests.test_lite_profile_can_bind_only_an_explicit_exact_nebius_route) ... ok
test_provider_port_checks_identity_and_usd_ceiling_before_transport (tests.test_nebius_routing.NebiusRoutingTests.test_provider_port_checks_identity_and_usd_ceiling_before_transport) ... ok
test_provider_port_preserves_exact_identity_and_advisory_authority (tests.test_nebius_routing.NebiusRoutingTests.test_provider_port_preserves_exact_identity_and_advisory_authority) ... ok
test_running_port_rechecks_catalog_and_quote_freshness_before_each_reservation (tests.test_nebius_routing.NebiusRoutingTests.test_running_port_rechecks_catalog_and_quote_freshness_before_each_reservation) ... ok
test_stale_catalog_or_price_quote_fails_closed (tests.test_nebius_routing.NebiusRoutingTests.test_stale_catalog_or_price_quote_fails_closed) ... ok
test_ultra_requires_explicit_escalation_condition (tests.test_nebius_routing.NebiusRoutingTests.test_ultra_requires_explicit_escalation_condition) ... ok
test_unavailable_role_fails_closed_without_fallback (tests.test_nebius_routing.NebiusRoutingTests.test_unavailable_role_fails_closed_without_fallback) ... ok
test_arbitrary_action_is_rejected_before_transport (tests.test_nebius_https_transport.NebiusHttpsEffectTransportTests.test_arbitrary_action_is_rejected_before_transport) ... ok
test_environment_composition_requires_both_live_values (tests.test_nebius_https_transport.NebiusHttpsEffectTransportTests.test_environment_composition_requires_both_live_values) ... ok
test_live_endpoint_validation_rejects_ambiguous_or_private_destinations (tests.test_nebius_https_transport.NebiusHttpsEffectTransportTests.test_live_endpoint_validation_rejects_ambiguous_or_private_destinations) ... ok
test_loopback_fixture_receives_one_typed_json_request_and_bearer_auth (tests.test_nebius_https_transport.NebiusHttpsEffectTransportTests.test_loopback_fixture_receives_one_typed_json_request_and_bearer_auth) ... ok
test_response_limit_fails_closed (tests.test_nebius_https_transport.NebiusHttpsEffectTransportTests.test_response_limit_fails_closed) ... ok
test_test_scope_accepts_only_explicit_loopback_http (tests.test_nebius_https_transport.NebiusHttpsEffectTransportTests.test_test_scope_accepts_only_explicit_loopback_http) ... ok
test_timeout_is_unknown_and_never_retried (tests.test_nebius_https_transport.NebiusHttpsEffectTransportTests.test_timeout_is_unknown_and_never_retried) ... ok

----------------------------------------------------------------------
Ran 57 tests in 2.854s

OK
