test_all_non_stop_reasons_fail_including_empty_content (tests.test_nebius_safe_diagnostics.SafeDiagnosticsTests.test_all_non_stop_reasons_fail_including_empty_content) ... ok
test_constructor_resanitizes_untrusted_metadata (tests.test_nebius_safe_diagnostics.SafeDiagnosticsTests.test_constructor_resanitizes_untrusted_metadata) ... ok
test_content_reasoning_and_arbitrary_fields_never_persist (tests.test_nebius_safe_diagnostics.SafeDiagnosticsTests.test_content_reasoning_and_arbitrary_fields_never_persist) ... ok
test_diagnostic_strings_reject_credentials_and_arbitrary_text (tests.test_nebius_safe_diagnostics.SafeDiagnosticsTests.test_diagnostic_strings_reject_credentials_and_arbitrary_text) ... ok
test_http_error_and_incomplete_keep_only_safe_transport_metadata (tests.test_nebius_safe_diagnostics.SafeDiagnosticsTests.test_http_error_and_incomplete_keep_only_safe_transport_metadata) ... ok
test_identity_mismatch_retains_safe_metadata (tests.test_nebius_safe_diagnostics.SafeDiagnosticsTests.test_identity_mismatch_retains_safe_metadata) ... ok
test_length_retains_usage_identity_and_request_id (tests.test_nebius_safe_diagnostics.SafeDiagnosticsTests.test_length_retains_usage_identity_and_request_id) ... ok
test_malformed_metadata_does_not_raise (tests.test_nebius_safe_diagnostics.SafeDiagnosticsTests.test_malformed_metadata_does_not_raise) ... ok
test_malformed_nested_usage_is_sanitized_independently (tests.test_nebius_safe_diagnostics.SafeDiagnosticsTests.test_malformed_nested_usage_is_sanitized_independently) ... ok
test_stop_remains_required_even_with_complete_looking_content (tests.test_nebius_safe_diagnostics.SafeDiagnosticsTests.test_stop_remains_required_even_with_complete_looking_content) ... ok
test_arbitrary_provider_error_text_is_never_receipted (tests.test_nebius_live_probe.NebiusLiveProbeTests.test_arbitrary_provider_error_text_is_never_receipted) ... ok
test_catalog_only_passes_without_generation (tests.test_nebius_live_probe.NebiusLiveProbeTests.test_catalog_only_passes_without_generation) ... ok
test_catalog_only_selects_preferred_model_from_live_catalog (tests.test_nebius_live_probe.NebiusLiveProbeTests.test_catalog_only_selects_preferred_model_from_live_catalog) ... ok
test_catalog_only_uses_configured_model_if_preferred_missing (tests.test_nebius_live_probe.NebiusLiveProbeTests.test_catalog_only_uses_configured_model_if_preferred_missing) ... ok
test_cli_loads_configured_secret_without_printing_it (tests.test_nebius_live_probe.NebiusLiveProbeTests.test_cli_loads_configured_secret_without_printing_it) ... ok
test_existing_receipt_blocks_before_network (tests.test_nebius_live_probe.NebiusLiveProbeTests.test_existing_receipt_blocks_before_network) ... ok
test_failure_diagnostics_are_allowlisted_and_recursive (tests.test_nebius_live_probe.NebiusLiveProbeTests.test_failure_diagnostics_are_allowlisted_and_recursive) ... ok
test_missing_cost_quote_blocks_generation (tests.test_nebius_live_probe.NebiusLiveProbeTests.test_missing_cost_quote_blocks_generation) ... ok
test_missing_key_blocks_before_provider (tests.test_nebius_live_probe.NebiusLiveProbeTests.test_missing_key_blocks_before_provider) ... ok
test_missing_selected_model_fails_before_generation (tests.test_nebius_live_probe.NebiusLiveProbeTests.test_missing_selected_model_fails_before_generation) ... ok
test_network_requires_explicit_authorization (tests.test_nebius_live_probe.NebiusLiveProbeTests.test_network_requires_explicit_authorization) ... ok
test_non_nemotron_model_is_rejected_before_provider (tests.test_nebius_live_probe.NebiusLiveProbeTests.test_non_nemotron_model_is_rejected_before_provider) ... ok
test_output_token_limit_is_bounded_before_provider (tests.test_nebius_live_probe.NebiusLiveProbeTests.test_output_token_limit_is_bounded_before_provider) ... ok
test_over_ceiling_or_stale_quote_blocks_generation (tests.test_nebius_live_probe.NebiusLiveProbeTests.test_over_ceiling_or_stale_quote_blocks_generation) ... ok
test_probe_keeps_truncated_completion_failed (tests.test_nebius_live_probe.NebiusLiveProbeTests.test_probe_keeps_truncated_completion_failed) ... ok
test_probe_rejects_non_exact_result_identity (tests.test_nebius_live_probe.NebiusLiveProbeTests.test_probe_rejects_non_exact_result_identity) ... ok
test_receipt_write_is_exclusive (tests.test_nebius_live_probe.NebiusLiveProbeTests.test_receipt_write_is_exclusive) ... ok
test_smoke_defaults_to_256_output_tokens (tests.test_nebius_live_probe.NebiusLiveProbeTests.test_smoke_defaults_to_256_output_tokens) ... ok
test_smoke_prompt_small_and_reasoning_included_in_bound (tests.test_nebius_live_probe.NebiusLiveProbeTests.test_smoke_prompt_small_and_reasoning_included_in_bound) ... ok
test_smoke_receipt_excludes_response_and_key (tests.test_nebius_live_probe.NebiusLiveProbeTests.test_smoke_receipt_excludes_response_and_key) ... ok
test_smoke_requires_separate_cost_authorization (tests.test_nebius_live_probe.NebiusLiveProbeTests.test_smoke_requires_separate_cost_authorization) ... ok
test_timeout_is_bounded_before_catalog (tests.test_nebius_live_probe.NebiusLiveProbeTests.test_timeout_is_bounded_before_catalog) ... ok

----------------------------------------------------------------------
Ran 32 tests in 2.004s

OK
